[ +365 ms] Artifact Instance of 'MaterialFonts' is not required, skipping update.
[        ] Artifact Instance of 'GradleWrapper' is not required, skipping update.
[        ] Artifact Instance of 'AndroidGenSnapshotArtifacts' is not required, skipping update.
[        ] Artifact Instance of 'AndroidInternalBuildArtifacts' is not required, skipping update.
[        ] Artifact Instance of 'IOSEngineArtifacts' is not required, skipping update.
[        ] Artifact Instance of 'FlutterWebSdk' is not required, skipping update.
[        ] Artifact Instance of 'LegacyCanvasKitRemover' is not required, skipping update.
[        ] Artifact Instance of 'FlutterSdk' is not required, skipping update.
[        ] Artifact Instance of 'WindowsEngineArtifacts' is not required, skipping update.
[        ] Artifact Instance of 'MacOSEngineArtifacts' is not required, skipping update.
[        ] Artifact Instance of 'LinuxEngineArtifacts' is not required, skipping update.
[        ] Artifact Instance of 'LinuxFuchsiaSDKArtifacts' is not required, skipping update.
[        ] Artifact Instance of 'MacOSFuchsiaSDKArtifacts' is not required, skipping update.
[        ] Artifact Instance of 'FlutterRunnerSDKArtifacts' is not required, skipping update.
[        ] Artifact Instance of 'FlutterRunnerDebugSymbols' is not required, skipping update.
[        ] Artifact Instance of 'IosUsbArtifacts' is not required, skipping update.
[        ] Artifact Instance of 'IosUsbArtifacts' is not required, skipping update.
[        ] Artifact Instance of 'IosUsbArtifacts' is not required, skipping update.
[        ] Artifact Instance of 'IosUsbArtifacts' is not required, skipping update.
[        ] Artifact Instance of 'IosUsbArtifacts' is not required, skipping update.
[        ] Artifact Instance of 'IosUsbArtifacts' is not required, skipping update.
[        ] Artifact Instance of 'FontSubsetArtifacts' is not required, skipping update.
[        ] Artifact Instance of 'PubDependencies' is not required, skipping update.
[        ] executing: [C:\src\flutter/] git -c log.showSignature=false log HEAD -n 1 --pretty=format:%ad --date=iso
[  +68 ms] Exit code 0 from: git -c log.showSignature=false log HEAD -n 1 --pretty=format:%ad --date=iso
[        ] 2026-02-10 10:16:12 -0800
[  +16 ms] Artifact Instance of 'AndroidGenSnapshotArtifacts' is not required, skipping update.
[        ] Artifact Instance of 'AndroidInternalBuildArtifacts' is not required, skipping update.
[        ] Artifact Instance of 'IOSEngineArtifacts' is not required, skipping update.
[        ] Artifact Instance of 'FlutterWebSdk' is not required, skipping update.
[        ] Artifact Instance of 'FlutterEngineStamp' is not required, skipping update.
[        ] Artifact Instance of 'LegacyCanvasKitRemover' is not required, skipping update.
[   +2 ms] Artifact Instance of 'WindowsEngineArtifacts' is not required, skipping update.
[        ] Artifact Instance of 'MacOSEngineArtifacts' is not required, skipping update.
[        ] Artifact Instance of 'LinuxEngineArtifacts' is not required, skipping update.
[        ] Artifact Instance of 'LinuxFuchsiaSDKArtifacts' is not required, skipping update.
[        ] Artifact Instance of 'MacOSFuchsiaSDKArtifacts' is not required, skipping update.
[        ] Artifact Instance of 'FlutterRunnerSDKArtifacts' is not required, skipping update.
[        ] Artifact Instance of 'FlutterRunnerDebugSymbols' is not required, skipping update.
[  +35 ms] Artifact Instance of 'AndroidGenSnapshotArtifacts' is not required, skipping update.
[        ] Artifact Instance of 'AndroidInternalBuildArtifacts' is not required, skipping update.
[        ] Artifact Instance of 'IOSEngineArtifacts' is not required, skipping update.
[        ] Artifact Instance of 'FlutterWebSdk' is not required, skipping update.
[        ] Artifact Instance of 'FlutterEngineStamp' is not required, skipping update.
[        ] Artifact Instance of 'LegacyCanvasKitRemover' is not required, skipping update.
[   +2 ms] Artifact Instance of 'MacOSEngineArtifacts' is not required, skipping update.
[        ] Artifact Instance of 'LinuxEngineArtifacts' is not required, skipping update.
[        ] Artifact Instance of 'LinuxFuchsiaSDKArtifacts' is not required, skipping update.
[        ] Artifact Instance of 'MacOSFuchsiaSDKArtifacts' is not required, skipping update.
[        ] Artifact Instance of 'FlutterRunnerSDKArtifacts' is not required, skipping update.
[        ] Artifact Instance of 'FlutterRunnerDebugSymbols' is not required, skipping update.
[  +29 ms] Skipping pub get: version match.
[  +52 ms] Found plugin url_launcher at C:\Users\agbenge\AppData\Local\Pub\Cache\hosted\pub.dev\url_launcher-6.3.2\
[   +3 ms] Found plugin url_launcher_windows at C:\Users\agbenge\AppData\Local\Pub\Cache\hosted\pub.dev\url_launcher_windows-3.1.5\
[   +4 ms] Found plugin url_launcher_web at C:\Users\agbenge\AppData\Local\Pub\Cache\hosted\pub.dev\url_launcher_web-2.4.2\
[   +3 ms] Found plugin url_launcher_macos at C:\Users\agbenge\AppData\Local\Pub\Cache\hosted\pub.dev\url_launcher_macos-3.2.5\
[   +1 ms] Found plugin url_launcher_linux at C:\Users\agbenge\AppData\Local\Pub\Cache\hosted\pub.dev\url_launcher_linux-3.2.2\
[   +4 ms] Found plugin url_launcher_ios at C:\Users\agbenge\AppData\Local\Pub\Cache\hosted\pub.dev\url_launcher_ios-6.4.1\
[   +2 ms] Found plugin url_launcher_android at C:\Users\agbenge\AppData\Local\Pub\Cache\hosted\pub.dev\url_launcher_android-6.3.28\
[   +1 ms] Found plugin shared_preferences at C:\Users\agbenge\AppData\Local\Pub\Cache\hosted\pub.dev\shared_preferences-2.5.4\
[   +1 ms] Found plugin shared_preferences_windows at C:\Users\agbenge\AppData\Local\Pub\Cache\hosted\pub.dev\shared_preferences_windows-2.4.1\
[   +2 ms] Found plugin path_provider_windows at C:\Users\agbenge\AppData\Local\Pub\Cache\hosted\pub.dev\path_provider_windows-2.3.0\
[   +5 ms] Found plugin shared_preferences_web at C:\Users\agbenge\AppData\Local\Pub\Cache\hosted\pub.dev\shared_preferences_web-2.4.3\
[   +1 ms] Found plugin shared_preferences_linux at C:\Users\agbenge\AppData\Local\Pub\Cache\hosted\pub.dev\shared_preferences_linux-2.4.1\
[   +1 ms] Found plugin path_provider_linux at C:\Users\agbenge\AppData\Local\Pub\Cache\hosted\pub.dev\path_provider_linux-2.2.1\
[   +2 ms] Found plugin shared_preferences_foundation at C:\Users\agbenge\AppData\Local\Pub\Cache\hosted\pub.dev\shared_preferences_foundation-2.5.6\
[   +1 ms] Found plugin shared_preferences_android at C:\Users\agbenge\AppData\Local\Pub\Cache\hosted\pub.dev\shared_preferences_android-2.4.21\
[   +5 ms] Found plugin path_provider at C:\Users\agbenge\AppData\Local\Pub\Cache\hosted\pub.dev\path_provider-2.1.5\
[   +1 ms] Found plugin path_provider_foundation at C:\Users\agbenge\AppData\Local\Pub\Cache\hosted\pub.dev\path_provider_foundation-2.6.0\
[   +9 ms] Found plugin path_provider_android at C:\Users\agbenge\AppData\Local\Pub\Cache\hosted\pub.dev\path_provider_android-2.2.22\
[   +1 ms] Found plugin image_picker at C:\Users\agbenge\AppData\Local\Pub\Cache\hosted\pub.dev\image_picker-1.2.1\
[   +1 ms] Found plugin image_picker_windows at C:\Users\agbenge\AppData\Local\Pub\Cache\hosted\pub.dev\image_picker_windows-0.2.2\
[   +4 ms] Found plugin file_selector_windows at C:\Users\agbenge\AppData\Local\Pub\Cache\hosted\pub.dev\file_selector_windows-0.9.3+5\
[   +1 ms] Found plugin image_picker_macos at C:\Users\agbenge\AppData\Local\Pub\Cache\hosted\pub.dev\image_picker_macos-0.2.2+1\
[        ] Found plugin file_selector_macos at C:\Users\agbenge\AppData\Local\Pub\Cache\hosted\pub.dev\file_selector_macos-0.9.5\
[        ] Found plugin image_picker_linux at C:\Users\agbenge\AppData\Local\Pub\Cache\hosted\pub.dev\image_picker_linux-0.2.2\
[        ] Found plugin file_selector_linux at C:\Users\agbenge\AppData\Local\Pub\Cache\hosted\pub.dev\file_selector_linux-0.9.4\
[        ] Found plugin image_picker_ios at C:\Users\agbenge\AppData\Local\Pub\Cache\hosted\pub.dev\image_picker_ios-0.8.13+6\
[        ] Found plugin image_picker_for_web at C:\Users\agbenge\AppData\Local\Pub\Cache\hosted\pub.dev\image_picker_for_web-3.1.1\
[   +1 ms] Found plugin image_picker_android at C:\Users\agbenge\AppData\Local\Pub\Cache\hosted\pub.dev\image_picker_android-0.8.13+14\
[        ] Found plugin flutter_plugin_android_lifecycle at C:\Users\agbenge\AppData\Local\Pub\Cache\hosted\pub.dev\flutter_plugin_android_lifecycle-2.0.33\
[   +3 ms] Found plugin gal at C:\Users\agbenge\AppData\Local\Pub\Cache\hosted\pub.dev\gal-2.3.2\
[  +38 ms] Found plugin url_launcher at C:\Users\agbenge\AppData\Local\Pub\Cache\hosted\pub.dev\url_launcher-6.3.2\
[        ] Found plugin url_launcher_windows at C:\Users\agbenge\AppData\Local\Pub\Cache\hosted\pub.dev\url_launcher_windows-3.1.5\
[   +2 ms] Found plugin url_launcher_web at C:\Users\agbenge\AppData\Local\Pub\Cache\hosted\pub.dev\url_launcher_web-2.4.2\
[   +1 ms] Found plugin url_launcher_macos at C:\Users\agbenge\AppData\Local\Pub\Cache\hosted\pub.dev\url_launcher_macos-3.2.5\
[        ] Found plugin url_launcher_linux at C:\Users\agbenge\AppData\Local\Pub\Cache\hosted\pub.dev\url_launcher_linux-3.2.2\
[        ] Found plugin url_launcher_ios at C:\Users\agbenge\AppData\Local\Pub\Cache\hosted\pub.dev\url_launcher_ios-6.4.1\
[        ] Found plugin url_launcher_android at C:\Users\agbenge\AppData\Local\Pub\Cache\hosted\pub.dev\url_launcher_android-6.3.28\
[        ] Found plugin shared_preferences at C:\Users\agbenge\AppData\Local\Pub\Cache\hosted\pub.dev\shared_preferences-2.5.4\
[   +1 ms] Found plugin shared_preferences_windows at C:\Users\agbenge\AppData\Local\Pub\Cache\hosted\pub.dev\shared_preferences_windows-2.4.1\
[   +1 ms] Found plugin path_provider_windows at C:\Users\agbenge\AppData\Local\Pub\Cache\hosted\pub.dev\path_provider_windows-2.3.0\
[   +3 ms] Found plugin shared_preferences_web at C:\Users\agbenge\AppData\Local\Pub\Cache\hosted\pub.dev\shared_preferences_web-2.4.3\
[        ] Found plugin shared_preferences_linux at C:\Users\agbenge\AppData\Local\Pub\Cache\hosted\pub.dev\shared_preferences_linux-2.4.1\
[   +1 ms] Found plugin path_provider_linux at C:\Users\agbenge\AppData\Local\Pub\Cache\hosted\pub.dev\path_provider_linux-2.2.1\
[   +1 ms] Found plugin shared_preferences_foundation at C:\Users\agbenge\AppData\Local\Pub\Cache\hosted\pub.dev\shared_preferences_foundation-2.5.6\
[        ] Found plugin shared_preferences_android at C:\Users\agbenge\AppData\Local\Pub\Cache\hosted\pub.dev\shared_preferences_android-2.4.21\
[   +2 ms] Found plugin path_provider at C:\Users\agbenge\AppData\Local\Pub\Cache\hosted\pub.dev\path_provider-2.1.5\
[        ] Found plugin path_provider_foundation at C:\Users\agbenge\AppData\Local\Pub\Cache\hosted\pub.dev\path_provider_foundation-2.6.0\
[   +6 ms] Found plugin path_provider_android at C:\Users\agbenge\AppData\Local\Pub\Cache\hosted\pub.dev\path_provider_android-2.2.22\
[   +1 ms] Found plugin image_picker at C:\Users\agbenge\AppData\Local\Pub\Cache\hosted\pub.dev\image_picker-1.2.1\
[   +1 ms] Found plugin image_picker_windows at C:\Users\agbenge\AppData\Local\Pub\Cache\hosted\pub.dev\image_picker_windows-0.2.2\
[   +3 ms] Found plugin file_selector_windows at C:\Users\agbenge\AppData\Local\Pub\Cache\hosted\pub.dev\file_selector_windows-0.9.3+5\
[   +1 ms] Found plugin image_picker_macos at C:\Users\agbenge\AppData\Local\Pub\Cache\hosted\pub.dev\image_picker_macos-0.2.2+1\
[        ] Found plugin file_selector_macos at C:\Users\agbenge\AppData\Local\Pub\Cache\hosted\pub.dev\file_selector_macos-0.9.5\
[        ] Found plugin image_picker_linux at C:\Users\agbenge\AppData\Local\Pub\Cache\hosted\pub.dev\image_picker_linux-0.2.2\
[        ] Found plugin file_selector_linux at C:\Users\agbenge\AppData\Local\Pub\Cache\hosted\pub.dev\file_selector_linux-0.9.4\
[        ] Found plugin image_picker_ios at C:\Users\agbenge\AppData\Local\Pub\Cache\hosted\pub.dev\image_picker_ios-0.8.13+6\
[        ] Found plugin image_picker_for_web at C:\Users\agbenge\AppData\Local\Pub\Cache\hosted\pub.dev\image_picker_for_web-3.1.1\
[   +1 ms] Found plugin image_picker_android at C:\Users\agbenge\AppData\Local\Pub\Cache\hosted\pub.dev\image_picker_android-0.8.13+14\
[        ] Found plugin flutter_plugin_android_lifecycle at C:\Users\agbenge\AppData\Local\Pub\Cache\hosted\pub.dev\flutter_plugin_android_lifecycle-2.0.33\
[   +3 ms] Found plugin gal at C:\Users\agbenge\AppData\Local\Pub\Cache\hosted\pub.dev\gal-2.3.2\
[   +7 ms] Skipping generating web_plugin_registrant.dart because it is up-to-date.
[  +18 ms] Found plugin url_launcher at C:\Users\agbenge\AppData\Local\Pub\Cache\hosted\pub.dev\url_launcher-6.3.2\
[        ] Found plugin url_launcher_windows at C:\Users\agbenge\AppData\Local\Pub\Cache\hosted\pub.dev\url_launcher_windows-3.1.5\
[   +1 ms] Found plugin url_launcher_web at C:\Users\agbenge\AppData\Local\Pub\Cache\hosted\pub.dev\url_launcher_web-2.4.2\
[   +1 ms] Found plugin url_launcher_macos at C:\Users\agbenge\AppData\Local\Pub\Cache\hosted\pub.dev\url_launcher_macos-3.2.5\
[        ] Found plugin url_launcher_linux at C:\Users\agbenge\AppData\Local\Pub\Cache\hosted\pub.dev\url_launcher_linux-3.2.2\
[        ] Found plugin url_launcher_ios at C:\Users\agbenge\AppData\Local\Pub\Cache\hosted\pub.dev\url_launcher_ios-6.4.1\
[        ] Found plugin url_launcher_android at C:\Users\agbenge\AppData\Local\Pub\Cache\hosted\pub.dev\url_launcher_android-6.3.28\
[   +1 ms] Found plugin shared_preferences at C:\Users\agbenge\AppData\Local\Pub\Cache\hosted\pub.dev\shared_preferences-2.5.4\
[        ] Found plugin shared_preferences_windows at C:\Users\agbenge\AppData\Local\Pub\Cache\hosted\pub.dev\shared_preferences_windows-2.4.1\
[   +1 ms] Found plugin path_provider_windows at C:\Users\agbenge\AppData\Local\Pub\Cache\hosted\pub.dev\path_provider_windows-2.3.0\
[   +3 ms] Found plugin shared_preferences_web at C:\Users\agbenge\AppData\Local\Pub\Cache\hosted\pub.dev\shared_preferences_web-2.4.3\
[        ] Found plugin shared_preferences_linux at C:\Users\agbenge\AppData\Local\Pub\Cache\hosted\pub.dev\shared_preferences_linux-2.4.1\
[        ] Found plugin path_provider_linux at C:\Users\agbenge\AppData\Local\Pub\Cache\hosted\pub.dev\path_provider_linux-2.2.1\
[   +1 ms] Found plugin shared_preferences_foundation at C:\Users\agbenge\AppData\Local\Pub\Cache\hosted\pub.dev\shared_preferences_foundation-2.5.6\
[        ] Found plugin shared_preferences_android at C:\Users\agbenge\AppData\Local\Pub\Cache\hosted\pub.dev\shared_preferences_android-2.4.21\
[   +2 ms] Found plugin path_provider at C:\Users\agbenge\AppData\Local\Pub\Cache\hosted\pub.dev\path_provider-2.1.5\
[        ] Found plugin path_provider_foundation at C:\Users\agbenge\AppData\Local\Pub\Cache\hosted\pub.dev\path_provider_foundation-2.6.0\
[   +6 ms] Found plugin path_provider_android at C:\Users\agbenge\AppData\Local\Pub\Cache\hosted\pub.dev\path_provider_android-2.2.22\
[        ] Found plugin image_picker at C:\Users\agbenge\AppData\Local\Pub\Cache\hosted\pub.dev\image_picker-1.2.1\
[        ] Found plugin image_picker_windows at C:\Users\agbenge\AppData\Local\Pub\Cache\hosted\pub.dev\image_picker_windows-0.2.2\
[   +2 ms] Found plugin file_selector_windows at C:\Users\agbenge\AppData\Local\Pub\Cache\hosted\pub.dev\file_selector_windows-0.9.3+5\
[   +1 ms] Found plugin image_picker_macos at C:\Users\agbenge\AppData\Local\Pub\Cache\hosted\pub.dev\image_picker_macos-0.2.2+1\
[        ] Found plugin file_selector_macos at C:\Users\agbenge\AppData\Local\Pub\Cache\hosted\pub.dev\file_selector_macos-0.9.5\
[        ] Found plugin image_picker_linux at C:\Users\agbenge\AppData\Local\Pub\Cache\hosted\pub.dev\image_picker_linux-0.2.2\
[        ] Found plugin file_selector_linux at C:\Users\agbenge\AppData\Local\Pub\Cache\hosted\pub.dev\file_selector_linux-0.9.4\
[        ] Found plugin image_picker_ios at C:\Users\agbenge\AppData\Local\Pub\Cache\hosted\pub.dev\image_picker_ios-0.8.13+6\
[        ] Found plugin image_picker_for_web at C:\Users\agbenge\AppData\Local\Pub\Cache\hosted\pub.dev\image_picker_for_web-3.1.1\
[   +1 ms] Found plugin image_picker_android at C:\Users\agbenge\AppData\Local\Pub\Cache\hosted\pub.dev\image_picker_android-0.8.13+14\
[        ] Found plugin flutter_plugin_android_lifecycle at C:\Users\agbenge\AppData\Local\Pub\Cache\hosted\pub.dev\flutter_plugin_android_lifecycle-2.0.33\
[   +5 ms] Found plugin gal at C:\Users\agbenge\AppData\Local\Pub\Cache\hosted\pub.dev\gal-2.3.2\
[  +21 ms] Generating C:\src\school\gpa\android\app\src\main\java\io\flutter\plugins\GeneratedPluginRegistrant.java
[   +2 ms] Skipping generating GeneratedPluginRegistrant.java because it is up-to-date.
[   +2 ms] Skipping generating generated_plugin_registrant.h because it is up-to-date.
[        ] Skipping generating generated_plugin_registrant.cc because it is up-to-date.
[        ] Skipping generating generated_plugins.cmake because it is up-to-date.
[   +1 ms] Skipping generating generated_plugin_registrant.h because it is up-to-date.
[   +1 ms] Skipping generating generated_plugin_registrant.cc because it is up-to-date.
[        ] Skipping generating generated_plugins.cmake because it is up-to-date.
[   +1 ms] Skipping generating GeneratedPluginRegistrant.h because it is up-to-date.
[        ] Skipping generating GeneratedPluginRegistrant.m because it is up-to-date.
[        ] Skipping generating GeneratedPluginRegistrant.swift because it is up-to-date.
[ +109 ms] Initializing file store
[   +6 ms] Skipping target: gen_localizations
[   +1 ms] gen_dart_plugin_registrant: Starting due to {InvalidatedReasonKind.inputChanged: The following inputs have updated contents: C:\src\school\gpa\.dart_tool\package_config.json,C:\src\school\gpa\.dart_tool\flutter_build\dart_plugin_registrant.dart}
[  +39 ms] Found plugin url_launcher at C:\Users\agbenge\AppData\Local\Pub\Cache\hosted\pub.dev\url_launcher-6.3.2\
[   +1 ms] Found plugin url_launcher_windows at C:\Users\agbenge\AppData\Local\Pub\Cache\hosted\pub.dev\url_launcher_windows-3.1.5\
[   +2 ms] Found plugin url_launcher_web at C:\Users\agbenge\AppData\Local\Pub\Cache\hosted\pub.dev\url_launcher_web-2.4.2\
[   +2 ms] Found plugin url_launcher_macos at C:\Users\agbenge\AppData\Local\Pub\Cache\hosted\pub.dev\url_launcher_macos-3.2.5\
[        ] Found plugin url_launcher_linux at C:\Users\agbenge\AppData\Local\Pub\Cache\hosted\pub.dev\url_launcher_linux-3.2.2\
[        ] Found plugin url_launcher_ios at C:\Users\agbenge\AppData\Local\Pub\Cache\hosted\pub.dev\url_launcher_ios-6.4.1\
[   +1 ms] Found plugin url_launcher_android at C:\Users\agbenge\AppData\Local\Pub\Cache\hosted\pub.dev\url_launcher_android-6.3.28\
[   +1 ms] Found plugin shared_preferences at C:\Users\agbenge\AppData\Local\Pub\Cache\hosted\pub.dev\shared_preferences-2.5.4\
[   +1 ms] Found plugin shared_preferences_windows at C:\Users\agbenge\AppData\Local\Pub\Cache\hosted\pub.dev\shared_preferences_windows-2.4.1\
[   +2 ms] Found plugin path_provider_windows at C:\Users\agbenge\AppData\Local\Pub\Cache\hosted\pub.dev\path_provider_windows-2.3.0\
[   +3 ms] Found plugin shared_preferences_web at C:\Users\agbenge\AppData\Local\Pub\Cache\hosted\pub.dev\shared_preferences_web-2.4.3\
[        ] Found plugin shared_preferences_linux at C:\Users\agbenge\AppData\Local\Pub\Cache\hosted\pub.dev\shared_preferences_linux-2.4.1\
[   +1 ms] Found plugin path_provider_linux at C:\Users\agbenge\AppData\Local\Pub\Cache\hosted\pub.dev\path_provider_linux-2.2.1\
[   +1 ms] Found plugin shared_preferences_foundation at C:\Users\agbenge\AppData\Local\Pub\Cache\hosted\pub.dev\shared_preferences_foundation-2.5.6\
[        ] Found plugin shared_preferences_android at C:\Users\agbenge\AppData\Local\Pub\Cache\hosted\pub.dev\shared_preferences_android-2.4.21\
[   +2 ms] Found plugin path_provider at C:\Users\agbenge\AppData\Local\Pub\Cache\hosted\pub.dev\path_provider-2.1.5\
[        ] Found plugin path_provider_foundation at C:\Users\agbenge\AppData\Local\Pub\Cache\hosted\pub.dev\path_provider_foundation-2.6.0\
[   +6 ms] Found plugin path_provider_android at C:\Users\agbenge\AppData\Local\Pub\Cache\hosted\pub.dev\path_provider_android-2.2.22\
[        ] Found plugin image_picker at C:\Users\agbenge\AppData\Local\Pub\Cache\hosted\pub.dev\image_picker-1.2.1\
[        ] Found plugin image_picker_windows at C:\Users\agbenge\AppData\Local\Pub\Cache\hosted\pub.dev\image_picker_windows-0.2.2\
[   +2 ms] Found plugin file_selector_windows at C:\Users\agbenge\AppData\Local\Pub\Cache\hosted\pub.dev\file_selector_windows-0.9.3+5\
[   +1 ms] Found plugin image_picker_macos at C:\Users\agbenge\AppData\Local\Pub\Cache\hosted\pub.dev\image_picker_macos-0.2.2+1\
[        ] Found plugin file_selector_macos at C:\Users\agbenge\AppData\Local\Pub\Cache\hosted\pub.dev\file_selector_macos-0.9.5\
[        ] Found plugin image_picker_linux at C:\Users\agbenge\AppData\Local\Pub\Cache\hosted\pub.dev\image_picker_linux-0.2.2\
[        ] Found plugin file_selector_linux at C:\Users\agbenge\AppData\Local\Pub\Cache\hosted\pub.dev\file_selector_linux-0.9.4\
[        ] Found plugin image_picker_ios at C:\Users\agbenge\AppData\Local\Pub\Cache\hosted\pub.dev\image_picker_ios-0.8.13+6\
[        ] Found plugin image_picker_for_web at C:\Users\agbenge\AppData\Local\Pub\Cache\hosted\pub.dev\image_picker_for_web-3.1.1\
[   +1 ms] Found plugin image_picker_android at C:\Users\agbenge\AppData\Local\Pub\Cache\hosted\pub.dev\image_picker_android-0.8.13+14\
[        ] Found plugin flutter_plugin_android_lifecycle at C:\Users\agbenge\AppData\Local\Pub\Cache\hosted\pub.dev\flutter_plugin_android_lifecycle-2.0.33\
[   +3 ms] Found plugin gal at C:\Users\agbenge\AppData\Local\Pub\Cache\hosted\pub.dev\gal-2.3.2\
[   +5 ms] Skipping generating dart_plugin_registrant.dart because it is up-to-date.
[        ] gen_dart_plugin_registrant: Complete
[   +1 ms] Skipping target: _composite
[        ] complete
[   +2 ms] Launching lib\main.dart on Windows in debug mode...
[   +1 ms] C:\src\flutter\bin\cache\dart-sdk\bin\dartaotruntime.exe C:\src\flutter\bin\cache\dart-sdk\bin\snapshots\frontend_server_aot.dart.snapshot --sdk-root C:\src\flutter\bin\cache\artifacts\engine\common\flutter_patched_sdk/ --incremental --target=flutter --experimental-emit-debug-metadata -DFLUTTER_VERSION=3.41.0 -DFLUTTER_CHANNEL=stable -DFLUTTER_GIT_URL=https://github.com/flutter/flutter.git -DFLUTTER_FRAMEWORK_REVISION=44a626f4f0 -DFLUTTER_ENGINE_REVISION=3452d735bd -DFLUTTER_DART_VERSION=3.11.0 --output-dill C:\Users\agbenge\AppData\Local\Temp\flutter_tools.3c326b5b\flutter_tool.d5bd8bb8\app.dill --packages C:\src\school\gpa\.dart_tool\package_config.json -Ddart.vm.profile=false -Ddart.vm.product=false --enable-asserts --track-widget-creation --filesystem-scheme org-dartlang-root --initialize-from-dill build\b91b994338c11c54cf5c76fd8ba5acce.cache.dill.track.dill --source file:///C:/src/school/gpa/.dart_tool/flutter_build/dart_plugin_registrant.dart --source package:flutter/src/dart_plugin_registrant.dart -Dflutter.dart_plugin_registrant=file:///C:/src/school/gpa/.dart_tool/flutter_build/dart_plugin_registrant.dart --verbosity=error --enable-experiment=alternative-invalidation-strategy
[  +18 ms] executing: C:\Program Files (x86)\Microsoft Visual Studio\Installer\vswhere.exe -format json -products * -utf8 -latest -version 16 -requires Microsoft.VisualStudio.Workload.NativeDesktop Microsoft.VisualStudio.Component.VC.Tools.x86.x64 Microsoft.VisualStudio.Component.VC.CMake.Project
[  +61 ms] Exit code 0 from: C:\Program Files (x86)\Microsoft Visual Studio\Installer\vswhere.exe -format json -products * -utf8 -latest -version 16 -requires Microsoft.VisualStudio.Workload.NativeDesktop Microsoft.VisualStudio.Component.VC.Tools.x86.x64 Microsoft.VisualStudio.Component.VC.CMake.Project
[        ] []
[        ] executing: C:\Program Files (x86)\Microsoft Visual Studio\Installer\vswhere.exe -format json -products * -utf8 -latest -version 16 -requires Microsoft.VisualStudio.Workload.VCTools Microsoft.VisualStudio.Component.VC.Tools.x86.x64 Microsoft.VisualStudio.Component.VC.CMake.Project
[  +62 ms] Exit code 0 from: C:\Program Files (x86)\Microsoft Visual Studio\Installer\vswhere.exe -format json -products * -utf8 -latest -version 16 -requires Microsoft.VisualStudio.Workload.VCTools Microsoft.VisualStudio.Component.VC.Tools.x86.x64 Microsoft.VisualStudio.Component.VC.CMake.Project
[        ] [
             {
               "instanceId": "d17df9f6",
               "installDate": "2024-05-15T16:08:53Z",
               "installationName": "VisualStudio/16.11.36+34902.97",
               "installationPath": "C:\\Program Files (x86)\\Microsoft Visual Studio\\2019\\BuildTools",
               "installationVersion": "16.11.34902.97",
               "productId": "Microsoft.VisualStudio.Product.BuildTools",
               "productPath": "C:\\Program Files (x86)\\Microsoft Visual Studio\\2019\\BuildTools\\Common7\\Tools\\LaunchDevCmd.bat",
               "state": 4294967295,
               "isComplete": true,
               "isLaunchable": true,
               "isPrerelease": false,
               "isRebootRequired": false,
               "displayName": "Visual Studio Build Tools 2019",
               "description": "The Visual Studio Build Tools allows you to build native and managed MSBuild-based applications without requiring the Visual Studio IDE. There are options to install the Visual C++ compilers and libraries, MFC, ATL, and C++/CLI support.",
               "channelId": "VisualStudio.16.Release",
               "channelUri": "https://aka.ms/vs/16/release/channel",
               "enginePath": "C:\\Program Files (x86)\\Microsoft Visual Studio\\Installer\\resources\\app\\ServiceHub\\Services\\Microsoft.VisualStudio.Setup.Service",
               "installedChannelId": "VisualStudio.16.Release",
               "installedChannelUri": "https://aka.ms/vs/16/release/channel",
               "releaseNotes": "https://docs.microsoft.com/en-us/visualstudio/releases/2019/release-notes-v16.11#16.11.36",
               "thirdPartyNotices": "https://go.microsoft.com/fwlink/?LinkId=660909",
               "updateDate": "2024-05-15T16:08:53.9648116Z",
               "catalog": {
                 "buildBranch": "d16.11",
                 "buildVersion": "16.11.34902.97",
                 "id": "VisualStudio/16.11.36+34902.97",
                 "localBuild": "build-lab",
                 "manifestName": "VisualStudio",
                 "manifestType": "installer",
                 "productDisplayVersion": "16.11.36",
                 "productLine": "Dev16",
                 "productLineVersion": "2019",
                 "productMilestone": "RTW",
                 "productMilestoneIsPreRelease": "False",
                 "productName": "Visual Studio",
                 "productPatchVersion": "36",
                 "productPreReleaseMilestoneSuffix": "1.0",
                 "productSemanticVersion": "16.11.36+34902.97",
                 "requiredEngineVersion": "2.11.72.18200"
               },
               "properties": {
                 "campaignId": "",
                 "channelManifestId": "VisualStudio.16.Release/16.11.36+34902.97",
                 "nickname": "",
                 "setupEngineFilePath": "C:\\Program Files (x86)\\Microsoft Visual Studio\\Installer\\setup.exe"
               }
             }
           ]
[   +2 ms] Building Windows application...
[  +38 ms] <- compile package:calculator/main.dart
[        ] executing: C:\Program Files (x86)\Microsoft Visual Studio\2019\BuildTools\Common7\IDE\CommonExtensions\Microsoft\CMake\CMake\bin\cmake.exe -S C:\src\school\gpa\windows -B C:\src\school\gpa\build\windows\x64 -G Visual Studio 16 2019 -A x64 -DFLUTTER_TARGET_PLATFORM=windows-x64
[  +63 ms] -- Selecting Windows SDK version 10.0.19041.0 to target Windows 10.0.26200.
[  +49 ms] -- Configuring done
[ +242 ms] -- Generating done
[  +19 ms] -- Build files have been written to: C:/src/school/gpa/build/windows/x64
[  +22 ms] executing: C:\Program Files (x86)\Microsoft Visual Studio\2019\BuildTools\Common7\IDE\CommonExtensions\Microsoft\CMake\CMake\bin\cmake.exe --build C:\src\school\gpa\build\windows\x64 --config Debug --target INSTALL --verbose
[ +189 ms] Microsoft (R) Build Engine version 16.11.2+f32259642 for .NET Framework
[        ] Copyright (C) Microsoft Corporation. All rights reserved.
[  +47 ms] Build started 3/9/2026 5:07:37 PM.
[ +191 ms] Project "C:\src\school\gpa\build\windows\x64\INSTALL.vcxproj" on node 1 (default targets).
[        ] Project "C:\src\school\gpa\build\windows\x64\INSTALL.vcxproj" (1) is building "C:\src\school\gpa\build\windows\x64\ZERO_CHECK.vcxproj" (2) on node 1 (default targets).
[        ] InitializeBuildStatus:
[        ]   Creating "x64\Debug\ZERO_CHECK\ZERO_CHECK.tlog\unsuccessfulbuild" because "AlwaysCreate" was specified.
[  +22 ms] CustomBuild:
[        ]   All outputs are up-to-date.
[  +80 ms]   Checking Build System
[  +94 ms] FinalizeBuildStatus:
[        ]   Deleting file "x64\Debug\ZERO_CHECK\ZERO_CHECK.tlog\unsuccessfulbuild".
[        ]   Touching "x64\Debug\ZERO_CHECK\ZERO_CHECK.tlog\ZERO_CHECK.lastbuildstate".
[        ] Done Building Project "C:\src\school\gpa\build\windows\x64\ZERO_CHECK.vcxproj" (default targets).
[  +73 ms] Project "C:\src\school\gpa\build\windows\x64\INSTALL.vcxproj" (1) is building "C:\src\school\gpa\build\windows\x64\ALL_BUILD.vcxproj" (3) on node 1 (default targets).
[        ] Project "C:\src\school\gpa\build\windows\x64\ALL_BUILD.vcxproj" (3) is building "C:\src\school\gpa\build\windows\x64\runner\calculator.vcxproj" (4) on node 1 (default targets).
[        ] Project "C:\src\school\gpa\build\windows\x64\runner\calculator.vcxproj" (4) is building "C:\src\school\gpa\build\windows\x64\flutter\flutter_assemble.vcxproj" (5) on node 1 (default targets).
[        ] InitializeBuildStatus:
[        ]   Creating "x64\Debug\flutter_assemble\flutter_assemble.tlog\unsuccessfulbuild" because "AlwaysCreate" was specified.
[   +3 ms] CustomBuild:
[        ]   "The build of 'C:\src\school\gpa\build\windows\x64\CMakeFiles\77097eddbeda3cd35f854ae0e6242ba8\flutter_assemble.rule' depends on 'C:\SRC\SCHOOL\GPA\WINDOWS\FLUTTER\EPHEMERAL\FLUTTER_WINDOWS.DLL' which is produced by the build of 'C:\src\school\gpa\build\windows\x64\CMakeFiles\87fdc5b21c0e57e07d6da12315748e5b\flutter_windows.dll.rule'. The items cannot be built in parallel."
[  +61 ms]   Generating C:/src/school/gpa/windows/flutter/ephemeral/flutter_windows.dll, C:/src/school/gpa/windows/flutter/ephemeral/flutter_export.h, C:/src/school/gpa/windows/flutter/ephemeral/flutter_windows.h, C:/src/school/gpa/windows/flutter/ephemeral/flutter_messenger.h, C:/src/school/gpa/windows/flutter/ephemeral/flutter_plugin_registrar.h, C:/src/school/gpa/windows/flutter/ephemeral/flutter_texture_registrar.h, C:/src/school/gpa/windows/flutter/ephemeral/cpp_client_wrapper/core_implementations.cc, C:/src/school/gpa/windows/flutter/ephemeral/cpp_client_wrapper/standard_codec.cc, C:/src/school/gpa/windows/flutter/ephemeral/cpp_client_wrapper/plugin_registrar.cc, C:/src/school/gpa/windows/flutter/ephemeral/cpp_client_wrapper/flutter_engine.cc, C:/src/school/gpa/windows/flutter/ephemeral/cpp_client_wrapper/flutter_view_controller.cc, _phony_
[+1542 ms]   [ +439 ms] Artifact Instance of 'MaterialFonts' is not required, skipping update.
[        ]   [        ] Artifact Instance of 'GradleWrapper' is not required, skipping update.
[        ]   [        ] Artifact Instance of 'AndroidGenSnapshotArtifacts' is not required, skipping update.
[        ]   [        ] Artifact Instance of 'AndroidInternalBuildArtifacts' is not required, skipping update.
[        ]   [        ] Artifact Instance of 'IOSEngineArtifacts' is not required, skipping update.
[        ]   [        ] Artifact Instance of 'FlutterWebSdk' is not required, skipping update.
[        ]   [        ] Artifact Instance of 'LegacyCanvasKitRemover' is not required, skipping update.
[        ]   [        ] Artifact Instance of 'FlutterSdk' is not required, skipping update.
[        ]   [        ] Artifact Instance of 'WindowsEngineArtifacts' is not required, skipping update.
[        ]   [        ] Artifact Instance of 'MacOSEngineArtifacts' is not required, skipping update.
[        ]   [        ] Artifact Instance of 'LinuxEngineArtifacts' is not required, skipping update.
[        ]   [        ] Artifact Instance of 'LinuxFuchsiaSDKArtifacts' is not required, skipping update.
[        ]   [        ] Artifact Instance of 'MacOSFuchsiaSDKArtifacts' is not required, skipping update.
[        ]   [        ] Artifact Instance of 'FlutterRunnerSDKArtifacts' is not required, skipping update.
[        ]   [        ] Artifact Instance of 'FlutterRunnerDebugSymbols' is not required, skipping update.
[        ]   [        ] Artifact Instance of 'IosUsbArtifacts' is not required, skipping update.
[        ]   [        ] Artifact Instance of 'IosUsbArtifacts' is not required, skipping update.
[        ]   [        ] Artifact Instance of 'IosUsbArtifacts' is not required, skipping update.
[        ]   [        ] Artifact Instance of 'IosUsbArtifacts' is not required, skipping update.
[        ]   [        ] Artifact Instance of 'IosUsbArtifacts' is not required, skipping update.
[        ]   [        ] Artifact Instance of 'IosUsbArtifacts' is not required, skipping update.
[        ]   [        ] Artifact Instance of 'FontSubsetArtifacts' is not required, skipping update.
[        ]   [   +2 ms] Artifact Instance of 'PubDependencies' is not required, skipping update.
[   +5 ms]   [   +6 ms] Artifact Instance of 'AndroidGenSnapshotArtifacts' is not required, skipping update.
[        ]   [        ] Artifact Instance of 'AndroidInternalBuildArtifacts' is not required, skipping update.
[        ]   [        ] Artifact Instance of 'IOSEngineArtifacts' is not required, skipping update.
[        ]   [        ] Artifact Instance of 'FlutterWebSdk' is not required, skipping update.
[        ]   [        ] Artifact Instance of 'FlutterEngineStamp' is not required, skipping update.
[        ]   [        ] Artifact Instance of 'LegacyCanvasKitRemover' is not required, skipping update.
[   +1 ms]   [   +1 ms] Artifact Instance of 'WindowsEngineArtifacts' is not required, skipping update.
[        ]   [        ] Artifact Instance of 'MacOSEngineArtifacts' is not required, skipping update.
[        ]   [        ] Artifact Instance of 'LinuxEngineArtifacts' is not required, skipping update.
[        ]   [        ] Artifact Instance of 'LinuxFuchsiaSDKArtifacts' is not required, skipping update.
[        ]   [        ] Artifact Instance of 'MacOSFuchsiaSDKArtifacts' is not required, skipping update.
[        ]   [        ] Artifact Instance of 'FlutterRunnerSDKArtifacts' is not required, skipping update.
[        ]   [        ] Artifact Instance of 'FlutterRunnerDebugSymbols' is not required, skipping update.
[  +46 ms]   [  +46 ms] Artifact Instance of 'MaterialFonts' is not required, skipping update.
[        ]   [        ] Artifact Instance of 'GradleWrapper' is not required, skipping update.
[        ]   [        ] Artifact Instance of 'AndroidGenSnapshotArtifacts' is not required, skipping update.
[        ]   [        ] Artifact Instance of 'AndroidInternalBuildArtifacts' is not required, skipping update.
[        ]   [        ] Artifact Instance of 'IOSEngineArtifacts' is not required, skipping update.
[        ]   [        ] Artifact Instance of 'FlutterWebSdk' is not required, skipping update.
[        ]   [        ] Artifact Instance of 'FlutterEngineStamp' is not required, skipping update.
[        ]   [        ] Artifact Instance of 'LegacyCanvasKitRemover' is not required, skipping update.
[        ]   [        ] Artifact Instance of 'FlutterSdk' is not required, skipping update.
[   +1 ms]   [   +1 ms] Artifact Instance of 'MacOSEngineArtifacts' is not required, skipping update.
[        ]   [        ] Artifact Instance of 'LinuxEngineArtifacts' is not required, skipping update.
[        ]   [        ] Artifact Instance of 'LinuxFuchsiaSDKArtifacts' is not required, skipping update.
[        ]   [        ] Artifact Instance of 'MacOSFuchsiaSDKArtifacts' is not required, skipping update.
[        ]   [        ] Artifact Instance of 'FlutterRunnerSDKArtifacts' is not required, skipping update.
[        ]   [        ] Artifact Instance of 'FlutterRunnerDebugSymbols' is not required, skipping update.
[        ]   [        ] Artifact Instance of 'IosUsbArtifacts' is not required, skipping update.
[        ]   [        ] Artifact Instance of 'IosUsbArtifacts' is not required, skipping update.
[        ]   [        ] Artifact Instance of 'IosUsbArtifacts' is not required, skipping update.
[        ]   [        ] Artifact Instance of 'IosUsbArtifacts' is not required, skipping update.
[        ]   [        ] Artifact Instance of 'IosUsbArtifacts' is not required, skipping update.
[        ]   [        ] Artifact Instance of 'IosUsbArtifacts' is not required, skipping update.
[        ]   [        ] Artifact Instance of 'FontSubsetArtifacts' is not required, skipping update.
[        ]   [        ] Artifact Instance of 'PubDependencies' is not required, skipping update.
[  +22 ms]   [  +22 ms] Initializing file store
[   +8 ms]   [   +9 ms] Done initializing file store
[  +29 ms]   [  +29 ms] Skipping target: dart_build
[   +1 ms]   [   +1 ms] Skipping target: gen_dart_plugin_registrant
[+2337 ms]   [+2337 ms] Skipping target: unpack_windows
[        ]   [        ] Skipping target: install_code_assets
[        ]   [        ] Skipping target: gen_localizations
[ +453 ms]   [ +452 ms] Skipping target: kernel_snapshot_program
[ +232 ms]   [ +232 ms] Skipping target: debug_bundle_windows-x64_assets
[        ]   [        ] Persisting file store
[  +12 ms]   [  +12 ms] Done persisting file store
[  +12 ms]   [  +12 ms] build succeeded.
[   +1 ms]   [   +1 ms] "flutter assemble" took 3,169ms.
[  +85 ms]   [  +85 ms] Running 1 shutdown hook
[        ]   [        ] Shutdown hooks complete
[ +254 ms]   [ +254 ms] exiting with code 0
[  +90 ms] FinalizeBuildStatus:
[        ]   Deleting file "x64\Debug\flutter_assemble\flutter_assemble.tlog\unsuccessfulbuild".
[        ]   Touching "x64\Debug\flutter_assemble\flutter_assemble.tlog\flutter_assemble.lastbuildstate".
[        ] Done Building Project "C:\src\school\gpa\build\windows\x64\flutter\flutter_assemble.vcxproj" (default targets).
[  +56 ms] Project "C:\src\school\gpa\build\windows\x64\runner\calculator.vcxproj" (4) is building "C:\src\school\gpa\build\windows\x64\plugins\file_selector_windows\file_selector_windows_plugin.vcxproj" (6) on node 1 (default targets).
[        ] Project "C:\src\school\gpa\build\windows\x64\plugins\file_selector_windows\file_selector_windows_plugin.vcxproj" (6) is building "C:\src\school\gpa\build\windows\x64\flutter\flutter_wrapper_plugin.vcxproj" (7) on node 1 (default targets).
[        ] InitializeBuildStatus:
[        ]   Creating "flutter_wrapper_plugin.dir\Debug\flutter_.14593B63.tlog\unsuccessfulbuild" because "AlwaysCreate" was specified.
[   +1 ms] CustomBuild:
[        ]   All outputs are up-to-date.
[  +31 ms] ClCompile:
[        ]   All outputs are up-to-date.
[  +14 ms] Lib:
[        ]   All outputs are up-to-date.
[        ]   flutter_wrapper_plugin.vcxproj -> C:\src\school\gpa\build\windows\x64\flutter\Debug\flutter_wrapper_plugin.lib
[   +8 ms] FinalizeBuildStatus:
[        ]   Deleting file "flutter_wrapper_plugin.dir\Debug\flutter_.14593B63.tlog\unsuccessfulbuild".
[        ]   Touching "flutter_wrapper_plugin.dir\Debug\flutter_.14593B63.tlog\flutter_wrapper_plugin.lastbuildstate".
[        ] Done Building Project "C:\src\school\gpa\build\windows\x64\flutter\flutter_wrapper_plugin.vcxproj" (default targets).
[   +7 ms] InitializeBuildStatus:
[        ]   Creating "file_selector_windows_plugin.dir\Debug\file_sel.8576862B.tlog\unsuccessfulbuild" because "AlwaysCreate" was specified.
[   +1 ms] CustomBuild:
[        ]   All outputs are up-to-date.
[  +17 ms] ClCompile:
[        ]   All outputs are up-to-date.
[  +19 ms] Link:
[        ]   All outputs are up-to-date.
[   +1 ms]   file_selector_windows_plugin.vcxproj -> C:\src\school\gpa\build\windows\x64\plugins\file_selector_windows\Debug\file_selector_windows_plugin.dll
[   +5 ms] FinalizeBuildStatus:
[        ]   Deleting file "file_selector_windows_plugin.dir\Debug\file_sel.8576862B.tlog\unsuccessfulbuild".
[        ]   Touching "file_selector_windows_plugin.dir\Debug\file_sel.8576862B.tlog\file_selector_windows_plugin.lastbuildstate".
[        ] Done Building Project "C:\src\school\gpa\build\windows\x64\plugins\file_selector_windows\file_selector_windows_plugin.vcxproj" (default targets).
[  +37 ms] Project "C:\src\school\gpa\build\windows\x64\runner\calculator.vcxproj" (4) is building "C:\src\school\gpa\build\windows\x64\flutter\flutter_wrapper_app.vcxproj" (8) on node 1 (default targets).
[        ] InitializeBuildStatus:
[        ]   Creating "flutter_wrapper_app.dir\Debug\flutter_.4094DD81.tlog\unsuccessfulbuild" because "AlwaysCreate" was specified.
[   +1 ms] CustomBuild:
[        ]   All outputs are up-to-date.
[  +12 ms] ClCompile:
[        ]   All outputs are up-to-date.
[   +3 ms] Lib:
[        ]   All outputs are up-to-date.
[        ]   flutter_wrapper_app.vcxproj -> C:\src\school\gpa\build\windows\x64\flutter\Debug\flutter_wrapper_app.lib
[   +5 ms] FinalizeBuildStatus:
[        ]   Deleting file "flutter_wrapper_app.dir\Debug\flutter_.4094DD81.tlog\unsuccessfulbuild".
[        ]   Touching "flutter_wrapper_app.dir\Debug\flutter_.4094DD81.tlog\flutter_wrapper_app.lastbuildstate".
[        ] Done Building Project "C:\src\school\gpa\build\windows\x64\flutter\flutter_wrapper_app.vcxproj" (default targets).
[  +31 ms] Project "C:\src\school\gpa\build\windows\x64\runner\calculator.vcxproj" (4) is building "C:\src\school\gpa\build\windows\x64\plugins\gal\gal_plugin.vcxproj" (9) on node 1 (default targets).
[        ] InitializeBuildStatus:
[        ]   Touching "gal_plugin.dir\Debug\gal_plugin.tlog\unsuccessfulbuild".
[   +1 ms] CustomBuild:
[        ]   All outputs are up-to-date.
[  +18 ms] ClCompile:
[        ]   C:\Program Files (x86)\Microsoft Visual Studio\2019\BuildTools\VC\Tools\MSVC\14.29.30133\bin\HostX64\x64\CL.exe /c /IC:\src\school\gpa\windows\flutter\ephemeral /IC:\src\school\gpa\windows\flutter\ephemeral\cpp_client_wrapper\include /Zi /nologo /W4 /WX /diagnostics:column /Od /Ob0 /D WIN32 /D _WINDOWS /D _HAS_EXCEPTIONS=0 /D _DEBUG /D FLUTTER_PLUGIN_IMPL /D UNICODE /D _UNICODE /D "CMAKE_INTDIR=\"Debug\"" /D gal_plugin_EXPORTS /D _WINDLL /D _UNICODE /D UNICODE /Gm- /EHsc /RTC1 /MDd /GS /fp:precise /Zc:wchar_t /Zc:forScope /Zc:inline /GR /std:c++latest /Fo"gal_plugin.dir\Debug\\" /Fd"gal_plugin.dir\Debug\vc142.pdb" /external:W4 /Gd /TP /wd4100 /errorReport:queue  /await C:\src\school\gpa\windows\flutter\ephemeral\.plugin_symlinks\gal\windows\gal_plugin.cpp
[ +113 ms]   gal_plugin.cpp
[   +2 ms] C:\Program Files (x86)\Windows Kits\10\Include\10.0.19041.0\cppwinrt\winrt/impl/Windows.Foundation.0.h(103): message : see declaration of 'winrt::impl' [C:\src\school\gpa\build\windows\x64\plugins\gal\gal_plugin.vcxproj]
[        ] C:\Program Files (x86)\Windows Kits\10\Include\10.0.19041.0\cppwinrt\winrt/impl/Windows.Foundation.0.h(985): message : see reference to class template instantiation 'winrt::impl::consume_Windows_Foundation_IAsyncAction<D>' being compiled [C:\src\school\gpa\build\windows\x64\plugins\gal\gal_plugin.vcxproj]
[        ] C:\Program Files (x86)\Windows Kits\10\Include\10.0.19041.0\cppwinrt\winrt/impl/Windows.Foundation.0.h(103): message : see declaration of 'winrt::impl' [C:\src\school\gpa\build\windows\x64\plugins\gal\gal_plugin.vcxproj]
[        ] C:\Program Files (x86)\Windows Kits\10\Include\10.0.19041.0\cppwinrt\winrt/impl/Windows.Foundation.0.h(1006): message : see reference to class template instantiation 'winrt::impl::consume_Windows_Foundation_IAsyncActionWithProgress<D,TProgress>' being compiled [C:\src\school\gpa\build\windows\x64\plugins\gal\gal_plugin.vcxproj]
[        ] C:\Program Files (x86)\Windows Kits\10\Include\10.0.19041.0\cppwinrt\winrt/impl/Windows.Foundation.0.h(103): message : see declaration of 'winrt::impl' [C:\src\school\gpa\build\windows\x64\plugins\gal\gal_plugin.vcxproj]
[   +1 ms] C:\Program Files (x86)\Windows Kits\10\Include\10.0.19041.0\cppwinrt\winrt/impl/Windows.Foundation.0.h(1040): message : see reference to class template instantiation 'winrt::impl::consume_Windows_Foundation_IAsyncOperationWithProgress<D,TResult,TProgress>' being compiled [C:\src\school\gpa\build\windows\x64\plugins\gal\gal_plugin.vcxproj]
[   +1 ms] C:\Program Files (x86)\Windows Kits\10\Include\10.0.19041.0\cppwinrt\winrt/impl/Windows.Foundation.0.h(103): message : see declaration of 'winrt::impl' [C:\src\school\gpa\build\windows\x64\plugins\gal\gal_plugin.vcxproj]
[        ] C:\Program Files (x86)\Windows Kits\10\Include\10.0.19041.0\cppwinrt\winrt/impl/Windows.Foundation.0.h(1059): message : see reference to class template instantiation 'winrt::impl::consume_Windows_Foundation_IAsyncOperation<D,TResult>' being compiled [C:\src\school\gpa\build\windows\x64\plugins\gal\gal_plugin.vcxproj]
[+1012 ms] Done Building Project "C:\src\school\gpa\build\windows\x64\plugins\gal\gal_plugin.vcxproj" (default targets) -- FAILED.
[ +124 ms] Project "C:\src\school\gpa\build\windows\x64\runner\calculator.vcxproj" (4) is building "C:\src\school\gpa\build\windows\x64\plugins\url_launcher_windows\url_launcher_windows_plugin.vcxproj" (10) on node 1 (default targets).
[        ] InitializeBuildStatus:
[        ]   Creating "url_launcher_windows_plugin.dir\Debug\url_laun.E6244DDF.tlog\unsuccessfulbuild" because "AlwaysCreate" was specified.
[   +6 ms] CustomBuild:
[        ]   All outputs are up-to-date.
[  +23 ms] ClCompile:
[        ]   All outputs are up-to-date.
[  +17 ms] Link:
[        ]   All outputs are up-to-date.
[        ]   url_launcher_windows_plugin.vcxproj -> C:\src\school\gpa\build\windows\x64\plugins\url_launcher_windows\Debug\url_launcher_windows_plugin.dll
[   +8 ms] FinalizeBuildStatus:
[        ]   Deleting file "url_launcher_windows_plugin.dir\Debug\url_laun.E6244DDF.tlog\unsuccessfulbuild".
[        ]   Touching "url_launcher_windows_plugin.dir\Debug\url_laun.E6244DDF.tlog\url_launcher_windows_plugin.lastbuildstate".
[   +1 ms] Done Building Project "C:\src\school\gpa\build\windows\x64\plugins\url_launcher_windows\url_launcher_windows_plugin.vcxproj" (default targets).
[        ] Done Building Project "C:\src\school\gpa\build\windows\x64\runner\calculator.vcxproj" (default targets) -- FAILED.
[        ] Done Building Project "C:\src\school\gpa\build\windows\x64\ALL_BUILD.vcxproj" (default targets) -- FAILED.
[   +1 ms] Done Building Project "C:\src\school\gpa\build\windows\x64\INSTALL.vcxproj" (default targets) -- FAILED.
[   +3 ms] Build FAILED.
[  +12 ms] "C:\src\school\gpa\build\windows\x64\INSTALL.vcxproj" (default target) (1) ->
[        ] "C:\src\school\gpa\build\windows\x64\ALL_BUILD.vcxproj" (default target) (3) ->
[        ] "C:\src\school\gpa\build\windows\x64\runner\calculator.vcxproj" (default target) (4) ->
[        ] "C:\src\school\gpa\build\windows\x64\plugins\gal\gal_plugin.vcxproj" (default target) (9) ->
[        ] (ClCompile target) -> 
[        ]     0 Warning(s)
[        ]     4 Error(s)
[        ] Time Elapsed 00:00:08.56
[  +17 ms] Building Windows application... (completed in 9.3s)
[   +4 ms] "flutter run" took 10,021ms.
[        ] Running 3 shutdown hooks
[  +16 ms] Shutdown hooks complete
[ +135 ms] exiting with code 1
