Analyzing gpa...                                                

   info - 'withOpacity' is deprecated and shouldn't be used. Use .withValues() to avoid precision loss - lib\screens\dashboard_screen.dart:105:66 - deprecated_member_use

